---
source: tests/records_query.rs
assertion_line: 1965
expression: "entries[0].write.attestation"
snapshot_kind: text
---
payload: "[payload]"
signatures:
  - protected: eyJhbGciOiJFZERTQSIsInR5cCI6Imp3dCIsImtpZCI6ImRpZDprZXk6ejZNa2o4SnIxcmczWWpWV1doZzdhaEVZSmlicWhqQmdadDFwRENiVDRMdjdENEhYI3o2TWtqOEpyMXJnM1lqVldXaGc3YWhFWUppYnFoakJnWnQxcERDYlQ0THY3RDRIWCJ9
    signature: "[signature]"
