---
source: tests/owner_signature.rs
assertion_line: 60
expression: reply
snapshot_kind: text
---
status:
  code: 200
entry:
  recordsWrite:
    descriptor:
      interface: Records
      method: Write
      messageTimestamp: "[messageTimestamp]"
      dataCid: bafyreigwsdcozizuq3rk2iedqh6nltjg4t5xifkhhkitqjskxqyuuxvaxe
      dataSize: 31
      dataFormat: application/json
      dateCreated: "[dateCreated]"
      published: true
      datePublished: "[datePublished]"
    authorization:
      signature:
        payload: "[payload]"
        signatures:
          - protected: eyJhbGciOiJFZERTQSIsInR5cCI6Imp3dCIsImtpZCI6ImRpZDprZXk6ejZNa2o4SnIxcmczWWpWV1doZzdhaEVZSmlicWhqQmdadDFwRENiVDRMdjdENEhYI3o2TWtqOEpyMXJnM1lqVldXaGc3YWhFWUppYnFoakJnWnQxcERDYlQ0THY3RDRIWCJ9
            signature: "[signature]"
    recordId: "[recordId]"
    attestation:
      payload: "[payload]"
      signatures:
        - protected: eyJhbGciOiJFZERTQSIsInR5cCI6Imp3dCIsImtpZCI6ImRpZDprZXk6ejZNa2o4SnIxcmczWWpWV1doZzdhaEVZSmlicWhqQmdadDFwRENiVDRMdjdENEhYI3o2TWtqOEpyMXJnM1lqVldXaGc3YWhFWUppYnFoakJnWnQxcERDYlQ0THY3RDRIWCJ9
          signature: "[signature]"
  data: "[data]"
