---
source: tests/records_query.rs
assertion_line: 1922
expression: "entries[0].write.authorization"
snapshot_kind: text
---
signature:
  payload: "[payload]"
  signatures:
    - protected: eyJhbGciOiJFZERTQSIsInR5cCI6Imp3dCIsImtpZCI6ImRpZDprZXk6ejZNa2o4SnIxcmczWWpWV1doZzdhaEVZSmlicWhqQmdadDFwRENiVDRMdjdENEhYI3o2TWtqOEpyMXJnM1lqVldXaGc3YWhFWUppYnFoakJnWnQxcERDYlQ0THY3RDRIWCJ9
      signature: "[signature]"
