---
source: tests/records_query.rs
assertion_line: 87
expression: "entries[0].write"
---
descriptor:
  interface: Records
  method: Write
  messageTimestamp: "[messageTimestamp]"
  dataCid: bafkreif6us4vpashqlr7bg2mv6xajey5qepvs26vrkdetsvfg22npkvrhu
  dataSize: 32
  dataFormat: awesome_data_format
  dateCreated: "[dateCreated]"
authorization:
  signature:
    payload: "[payload]"
    signatures:
      - protected: eyJhbGciOiJFZERTQSIsInR5cCI6Imp3dCIsImtpZCI6ImRpZDprZXk6ejZNa2o4SnIxcmczWWpWV1doZzdhaEVZSmlicWhqQmdadDFwRENiVDRMdjdENEhYI3o2TWtqOEpyMXJnM1lqVldXaGc3YWhFWUppYnFoakJnWnQxcERDYlQ0THY3RDRIWCJ9
        signature: "[signature]"
recordId: "[recordId]"
attestation:
  payload: "[payload]"
  signatures:
    - protected: eyJhbGciOiJFZERTQSIsInR5cCI6Imp3dCIsImtpZCI6ImRpZDprZXk6ejZNa3FXR1ZVd013dDRhaHhFU1RWZzFnanZ4WjR3NEtrWG9ta3NTTWRDQjNlSGVEI3o2TWtxV0dWVXdNd3Q0YWh4RVNUVmcxZ2p2eFo0dzRLa1hvbWtzU01kQ0IzZUhlRCJ9
      signature: "[signature]"
encodedData: eyJtZXNzYWdlIjogInRlc3QgcmVjb3JkIHdyaXRlIn0
